python : Creating test database for alias 'default'...
At line:1 char:1
+ python manage.py test tests.test_blog_renderer > test_output.txt 2>&1
+ ~~~~~~~~~~~~~~~~~~~~~~~~~~~~~~~~~~~~~~~~~~~~~~~~~~~~~~~~~~~~~~~~~~~~~
    + CategoryInfo          : NotSpecified: (Creating test d...as 'default'...:String) [ 
   ], RemoteException
    + FullyQualifiedErrorId : NativeCommandError
 

.FF.F..
======================================================================
FAIL: test_renderer_code_blocks_with_and_without_metadata (tests.test_blog_renderer.BlogR
endererTests.test_renderer_code_blocks_with_and_without_metadata)
Verify syntax highlighting resolves language settings from section metadata correctly.
----------------------------------------------------------------------
Traceback (most recent call last):
  File "C:\Users\nagas\Desktop\AI_blog_generator\tests\test_blog_renderer.py", line 80, 
in test_renderer_code_blocks_with_and_without_metadata
    self.assertIn("console.log('empty')", html_empty)
    ~~~~~~~~~~~~~^^^^^^^^^^^^^^^^^^^^^^^^^^^^^^^^^^^^
AssertionError: "console.log('empty')" not found in '<pre class="blog-section-code-block 
bg-gray-950 text-gray-100 p-4 rounded-md font-mono text-sm leading-relaxed 
overflow-x-auto my-4"\n    
data-language="text"><code>console.log(&#x27;empty&#x27;);</code></pre>'

======================================================================
FAIL: test_renderer_faq_normalization 
(tests.test_blog_renderer.BlogRendererTests.test_renderer_faq_normalization)
Verify FAQ normalization checks parse question and answer fragments correctly.
----------------------------------------------------------------------
Traceback (most recent call last):
  File "C:\Users\nagas\Desktop\AI_blog_generator\tests\test_blog_renderer.py", line 169, 
in test_renderer_faq_normalization
    self.assertIn("Q: Faq Fallback Heading", html_invalid)
    ~~~~~~~~~~~~~^^^^^^^^^^^^^^^^^^^^^^^^^^^^^^^^^^^^^^^^^
AssertionError: 'Q: Faq Fallback Heading' not found in '<h3 
class="blog-section-faq-heading text-lg font-bold text-gray-800 mt-6 mb-2">Faq Fallback 
Heading</h3>\n\n<div class="blog-section-faq-list space-y-4 my-6">\n    \n    <div 
class="blog-faq-item border border-gray-200 rounded-md p-4 bg-gray-50 bg-opacity-30">\n  
      \n        <h4 class="blog-faq-question font-bold text-gray-900 mb-1 text-sm">Q: 
Just normal sentence content without Q &amp; A formatting.</h4>\n        \n        \n    
    <p class="blog-faq-answer text-sm text-gray-700 leading-relaxed">A: Just normal 
sentence content without Q &amp; A formatting.</p>\n        \n    </div>\n    \n</div>'

======================================================================
FAIL: test_renderer_large_tables_parsing 
(tests.test_blog_renderer.BlogRendererTests.test_renderer_large_tables_parsing)
Verify large markdown tables parse cleanly and map correctly to styled HTML lines.
----------------------------------------------------------------------
Traceback (most recent call last):
  File "C:\Users\nagas\Desktop\AI_blog_generator\tests\test_blog_renderer.py", line 109, 
in test_renderer_large_tables_parsing
    self.assertIn("Column 1", html_table)
    ~~~~~~~~~~~~~^^^^^^^^^^^^^^^^^^^^^^^^
AssertionError: 'Column 1' not found in '<h3 class="blog-section-table-heading text-lg 
font-bold text-gray-800 mt-6 mb-2">Grid Comparison</h3>\n\n<div 
class="blog-section-table-container overflow-x-auto my-6 border border-gray-200 
rounded-lg">\n    <table class="blog-section-table min-w-full divide-y 
divide-gray-200">\n        \n        <thead class="bg-gray-50">\n            <tr>\n      
          \n                <th scope="col"\n                    class="px-6 py-3 
text-left text-xs font-semibold text-gray-500 uppercase tracking-wider">{{ header\n      
              }}</th>\n                \n                <th scope="col"\n               
     class="px-6 py-3 text-left text-xs font-semibold text-gray-500 uppercase 
tracking-wider">{{ header\n                    }}</th>\n                \n               
 <th scope="col"\n                    class="px-6 py-3 text-left text-xs font-semibold 
text-gray-500 uppercase tracking-wider">{{ header\n                    }}</th>\n         
       \n            </tr>\n        </thead>\n        \n        <tbody class="bg-white 
divide-y divide-gray-100">\n            \n            <tr>\n                \n           
     <td class="px-6 py-4 whitespace-nowrap text-sm text-gray-700">Row A1</td>\n         
       \n                <td class="px-6 py-4 whitespace-nowrap text-sm 
text-gray-700">Row A2</td>\n                \n                <td class="px-6 py-4 
whitespace-nowrap text-sm text-gray-700">Row A3</td>\n                \n            
</tr>\n            \n            <tr>\n                \n                <td class="px-6 
py-4 whitespace-nowrap text-sm text-gray-700">Row B1</td>\n                \n            
    <td class="px-6 py-4 whitespace-nowrap text-sm text-gray-700">Row B2</td>\n          
      \n                <td class="px-6 py-4 whitespace-nowrap text-sm 
text-gray-700">Row B3</td>\n                \n            </tr>\n            \n        
</tbody>\n    </table>\n</div>'

----------------------------------------------------------------------
Ran 7 tests in 2.368s

FAILED (failures=3)
Destroying test database for alias 'default'...

Found 7 test(s).
System check identified no issues (0 silenced).
